56965@LAPTOP-0VUJ1IQ4 MINGW64 /h/Mi unidad/Otros/Github/olherreragz (main)
$ ps aux | grep git

56965@LAPTOP-0VUJ1IQ4 MINGW64 /h/Mi unidad/Otros/Github/olherreragz (main)
$ git status
On branch main
Your branch is up to date with 'origin/main'.

Changes not staged for commit:
  (use "git add <file>..." to update what will be committed)
  (use "git restore <file>..." to discard changes in working directory)
        modified:   README.md

no changes added to commit (use "git add" and/or "git commit -a")

56965@LAPTOP-0VUJ1IQ4 MINGW64 /h/Mi unidad/Otros/Github/olherreragz (main)
$ git add .
fatal: Unable to create 'H:/Mi unidad/Otros/Github/olherreragz/.git/index.lock': File exists.

Another git process seems to be running in this repository, e.g.
an editor opened by 'git commit'. Please make sure all processes
are terminated then try again. If it still fails, a git process
may have crashed in this repository earlier:
remove the file manually to continue.

56965@LAPTOP-0VUJ1IQ4 MINGW64 /h/Mi unidad/Otros/Github/olherreragz (main)
$ rm -f .git/index.lock

56965@LAPTOP-0VUJ1IQ4 MINGW64 /h/Mi unidad/Otros/Github/olherreragz (main)
$ git status
On branch main
Your branch is up to date with 'origin/main'.

Changes not staged for commit:
  (use "git add <file>..." to update what will be committed)
  (use "git restore <file>..." to discard changes in working directory)
        modified:   README.md

no changes added to commit (use "git add" and/or "git commit -a")

56965@LAPTOP-0VUJ1IQ4 MINGW64 /h/Mi unidad/Otros/Github/olherreragz (main)
$ git add .

56965@LAPTOP-0VUJ1IQ4 MINGW64 /h/Mi unidad/Otros/Github/olherreragz (main)
$ git commit -m "Minor Updates (lock fixed?)"
[main 3f02e52] Minor Updates (lock fixed?)
 1 file changed, 15 insertions(+)

56965@LAPTOP-0VUJ1IQ4 MINGW64 /h/Mi unidad/Otros/Github/olherreragz (main)
$ git push
Enumerating objects: 5, done.
Counting objects: 100% (5/5), done.
Delta compression using up to 8 threads
Compressing objects: 100% (2/2), done.
Writing objects: 100% (3/3), 634 bytes | 19.00 KiB/s, done.
Total 3 (delta 1), reused 0 (delta 0), pack-reused 0
remote: Resolving deltas: 100% (1/1), completed with 1 local object.
To https://github.com/olherreragz/olherreragz
   5ffb89c..3f02e52  main -> main

56965@LAPTOP-0VUJ1IQ4 MINGW64 /h/Mi unidad/Otros/Github/olherreragz (main)
$
